2025-06-26 08:51:23,765 INFO o.a.j.u.JMeterUtils: Setting Locale to en_EN
2025-06-26 08:51:23,793 INFO o.a.j.JMeter: Loading user properties from: C:\Users\Michael\Downloads\apache-jmeter-5.6.3\apache-jmeter-5.6.3\bin\user.properties
2025-06-26 08:51:23,793 INFO o.a.j.JMeter: Loading system properties from: C:\Users\Michael\Downloads\apache-jmeter-5.6.3\apache-jmeter-5.6.3\bin\system.properties
2025-06-26 08:51:23,793 INFO o.a.j.JMeter: Setting JMeter property: threads=50
2025-06-26 08:51:23,793 INFO o.a.j.JMeter: Setting JMeter property: ramp_up=30
2025-06-26 08:51:23,793 INFO o.a.j.JMeter: Setting JMeter property: loops=10
2025-06-26 08:51:23,793 INFO o.a.j.JMeter: Setting JMeter property: base_url=https://fakerestapi.azurewebsites.net
2025-06-26 08:51:23,807 INFO o.a.j.JMeter: Copyright (c) 1998-2024 The Apache Software Foundation
2025-06-26 08:51:23,807 INFO o.a.j.JMeter: Version 5.6.3
2025-06-26 08:51:23,807 INFO o.a.j.JMeter: java.version=20
2025-06-26 08:51:23,807 INFO o.a.j.JMeter: java.vm.name=Java HotSpot(TM) 64-Bit Server VM
2025-06-26 08:51:23,807 INFO o.a.j.JMeter: os.name=Windows 10
2025-06-26 08:51:23,807 INFO o.a.j.JMeter: os.arch=amd64
2025-06-26 08:51:23,813 INFO o.a.j.JMeter: os.version=10.0
2025-06-26 08:51:23,813 INFO o.a.j.JMeter: file.encoding=UTF-8
2025-06-26 08:51:23,813 INFO o.a.j.JMeter: java.awt.headless=true
2025-06-26 08:51:23,813 INFO o.a.j.JMeter: Max memory     =1073741824
2025-06-26 08:51:23,814 INFO o.a.j.JMeter: Available Processors =12
2025-06-26 08:51:23,828 INFO o.a.j.JMeter: Default Locale=English (EN)
2025-06-26 08:51:23,828 INFO o.a.j.JMeter: JMeter  Locale=English (EN)
2025-06-26 08:51:23,828 INFO o.a.j.JMeter: JMeterHome=C:\Users\Michael\Downloads\apache-jmeter-5.6.3\apache-jmeter-5.6.3
2025-06-26 08:51:23,828 INFO o.a.j.JMeter: user.dir  =C:\Users\Michael\OneDrive\Documents\Python\jmeter_perf_testing
2025-06-26 08:51:23,835 INFO o.a.j.JMeter: PWD       =C:\Users\Michael\OneDrive\Documents\Python\jmeter_perf_testing
2025-06-26 08:51:23,841 INFO o.a.j.JMeter: IP: 172.27.32.1 Name: DESKTOP-L8L9GOT FullName: DESKTOP-L8L9GOT.mshome.net
2025-06-26 08:51:23,855 INFO o.a.j.JMeter: Setting property 'jmeter.reportgenerator.outputdir' to:'C:\Users\Michael\OneDrive\Documents\Python\jmeter_perf_testing\reports\spike\run_20250626_085121'
2025-06-26 08:51:23,862 INFO o.a.j.s.FileServer: Default base='C:\Users\Michael\OneDrive\Documents\Python\jmeter_perf_testing'
2025-06-26 08:51:23,862 INFO o.a.j.s.FileServer: Set new base='C:\Users\Michael\OneDrive\Documents\Python\jmeter_perf_testing\test_scripts\spike'
2025-06-26 08:51:24,182 INFO o.a.j.s.SaveService: Testplan (JMX) version: 2.2. Testlog (JTL) version: 2.2
2025-06-26 08:51:24,230 INFO o.a.j.s.SaveService: Using SaveService properties version 5.0
2025-06-26 08:51:24,238 INFO o.a.j.s.SaveService: Using SaveService properties file encoding UTF-8
2025-06-26 08:51:24,238 INFO o.a.j.s.SaveService: Loading file: test_scripts\spike\basic_spike_test.jmx
2025-06-26 08:51:24,333 INFO o.a.j.p.h.s.HTTPSamplerBase: Parser for text/html is org.apache.jmeter.protocol.http.parser.LagartoBasedHtmlParser
2025-06-26 08:51:24,333 INFO o.a.j.p.h.s.HTTPSamplerBase: Parser for application/xhtml+xml is org.apache.jmeter.protocol.http.parser.LagartoBasedHtmlParser
2025-06-26 08:51:24,333 INFO o.a.j.p.h.s.HTTPSamplerBase: Parser for application/xml is org.apache.jmeter.protocol.http.parser.LagartoBasedHtmlParser
2025-06-26 08:51:24,333 INFO o.a.j.p.h.s.HTTPSamplerBase: Parser for text/xml is org.apache.jmeter.protocol.http.parser.LagartoBasedHtmlParser
2025-06-26 08:51:24,333 INFO o.a.j.p.h.s.HTTPSamplerBase: Parser for text/vnd.wap.wml is org.apache.jmeter.protocol.http.parser.RegexpHTMLParser
2025-06-26 08:51:24,333 INFO o.a.j.p.h.s.HTTPSamplerBase: Parser for text/css is org.apache.jmeter.protocol.http.parser.CssParser
2025-06-26 08:51:24,369 INFO o.a.j.s.SampleResult: Note: Sample TimeStamps are START times
2025-06-26 08:51:24,369 INFO o.a.j.s.SampleResult: sampleresult.default.encoding is set to UTF-8
2025-06-26 08:51:24,369 INFO o.a.j.s.SampleResult: sampleresult.useNanoTime=true
2025-06-26 08:51:24,370 INFO o.a.j.s.SampleResult: sampleresult.nanoThreadSleep=5000
2025-06-26 08:51:24,383 INFO o.a.j.JMeter: Creating summariser <summary>
2025-06-26 08:51:24,383 INFO o.a.j.r.d.ReportGenerator: ReportGenerator will use for Parsing the separator: ','
2025-06-26 08:51:24,383 INFO o.a.j.r.d.ReportGenerator: Will generate report at end of test from  results file: reports/spike\run_20250626_085121\results.jtl
2025-06-26 08:51:24,383 INFO o.a.j.r.d.ReportGenerator: Reading report generator properties from: C:\Users\Michael\Downloads\apache-jmeter-5.6.3\apache-jmeter-5.6.3\bin\reportgenerator.properties
2025-06-26 08:51:24,390 INFO o.a.j.r.d.ReportGenerator: Merging with JMeter properties
2025-06-26 08:51:24,395 INFO o.a.j.r.c.ReportGeneratorConfiguration: Property 'jmeter.reportgenerator.temp_dir' not found, using default value 'temp' instead.
2025-06-26 08:51:24,399 INFO o.a.j.r.c.ReportGeneratorConfiguration: Property 'jmeter.reportgenerator.apdex_per_transaction' not found, using default value 'null' instead.
2025-06-26 08:51:24,399 INFO o.a.j.r.c.ReportGeneratorConfiguration: apdex_per_transaction is empty, not APDEX per transaction customization
2025-06-26 08:51:24,399 INFO o.a.j.r.c.ReportGeneratorConfiguration: Property 'jmeter.reportgenerator.sample_filter' not found, using default value 'null' instead.
2025-06-26 08:51:24,399 INFO o.a.j.r.c.ReportGeneratorConfiguration: Property 'jmeter.reportgenerator.report_title' not found, using default value 'null' instead.
2025-06-26 08:51:24,399 INFO o.a.j.r.c.ReportGeneratorConfiguration: Property 'jmeter.reportgenerator.start_date' not found, using default value 'null' instead.
2025-06-26 08:51:24,399 INFO o.a.j.r.c.ReportGeneratorConfiguration: Property 'jmeter.reportgenerator.end_date' not found, using default value 'null' instead.
2025-06-26 08:51:24,399 INFO o.a.j.r.c.ReportGeneratorConfiguration: Property 'jmeter.reportgenerator.date_format' not found, using default value 'null' instead.
2025-06-26 08:51:24,400 INFO o.a.j.r.c.ReportGeneratorConfiguration: Will use date range start date: null, end date: null
2025-06-26 08:51:24,405 INFO o.a.j.r.c.ReportGeneratorConfiguration: Property 'jmeter.reportgenerator.graph.totalTPS.exclude_controllers' not found, using default value 'false' instead.
2025-06-26 08:51:24,405 INFO o.a.j.r.c.ReportGeneratorConfiguration: Property 'jmeter.reportgenerator.graph.activeThreadsOverTime.exclude_controllers' not found, using default value 'false' instead.
2025-06-26 08:51:24,405 INFO o.a.j.r.c.ReportGeneratorConfiguration: Property 'jmeter.reportgenerator.graph.timeVsThreads.exclude_controllers' not found, using default value 'false' instead.
2025-06-26 08:51:24,406 INFO o.a.j.r.c.ReportGeneratorConfiguration: Property 'jmeter.reportgenerator.graph.responseTimeDistribution.exclude_controllers' not found, using default value 'false' instead.
2025-06-26 08:51:24,406 INFO o.a.j.r.c.ReportGeneratorConfiguration: Property 'jmeter.reportgenerator.graph.transactionsPerSecond.exclude_controllers' not found, using default value 'false' instead.
2025-06-26 08:51:24,406 INFO o.a.j.r.c.ReportGeneratorConfiguration: Property 'jmeter.reportgenerator.graph.responseTimePercentiles.exclude_controllers' not found, using default value 'false' instead.
2025-06-26 08:51:24,406 INFO o.a.j.r.c.ReportGeneratorConfiguration: Property 'jmeter.reportgenerator.graph.responseTimePercentilesOverTime.exclude_controllers' not found, using default value 'false' instead.
2025-06-26 08:51:24,406 INFO o.a.j.r.c.ReportGeneratorConfiguration: Property 'jmeter.reportgenerator.graph.responseTimesOverTime.exclude_controllers' not found, using default value 'false' instead.
2025-06-26 08:51:24,407 INFO o.a.j.r.c.ReportGeneratorConfiguration: Property 'jmeter.reportgenerator.graph.connectTimeOverTime.exclude_controllers' not found, using default value 'false' instead.
2025-06-26 08:51:24,407 INFO o.a.j.r.c.ReportGeneratorConfiguration: Property 'jmeter.reportgenerator.graph.latenciesOverTime.exclude_controllers' not found, using default value 'false' instead.
2025-06-26 08:51:24,408 INFO o.a.j.r.c.ReportGeneratorConfiguration: Property 'jmeter.reportgenerator.exporter.json.filters_only_sample_series' not found, using default value 'true' instead.
2025-06-26 08:51:24,408 INFO o.a.j.r.c.ReportGeneratorConfiguration: Property 'jmeter.reportgenerator.exporter.json.series_filter' not found, using default value '' instead.
2025-06-26 08:51:24,408 INFO o.a.j.r.c.ReportGeneratorConfiguration: Property 'jmeter.reportgenerator.exporter.json.show_controllers_only' not found, using default value 'false' instead.
2025-06-26 08:51:24,409 INFO o.a.j.r.c.ReportGeneratorConfiguration: Property 'jmeter.reportgenerator.exporter.html.filters_only_sample_series' not found, using default value 'true' instead.
2025-06-26 08:51:24,409 INFO o.a.j.r.c.ReportGeneratorConfiguration: Property 'jmeter.reportgenerator.exporter.html.series_filter' not found, using default value '' instead.
2025-06-26 08:51:24,409 INFO o.a.j.r.c.ReportGeneratorConfiguration: Property 'jmeter.reportgenerator.exporter.html.show_controllers_only' not found, using default value 'false' instead.
2025-06-26 08:51:24,428 INFO o.a.j.e.StandardJMeterEngine: Running the test!
2025-06-26 08:51:24,431 INFO o.a.j.s.SampleEvent: List of sample_variables: []
2025-06-26 08:51:24,431 INFO o.a.j.s.SampleEvent: List of sample_variables: []
2025-06-26 08:51:24,443 INFO o.a.j.e.u.CompoundVariable: Note: Function class names must contain the string: '.functions.'
2025-06-26 08:51:24,443 INFO o.a.j.e.u.CompoundVariable: Note: Function class names must not contain the string: '.gui.'
2025-06-26 08:51:24,606 INFO o.a.j.v.b.BackendListener: Basic Spike Test Backend Listener: Starting worker with class: class org.apache.jmeter.visualizers.backend.influxdb.InfluxdbBackendListenerClient and queue capacity: 5000
2025-06-26 08:51:24,606 INFO o.a.j.v.b.BackendListener: Basic Spike Test Backend Listener: Started  worker with class: class org.apache.jmeter.visualizers.backend.influxdb.InfluxdbBackendListenerClient
2025-06-26 08:51:25,080 INFO o.a.j.JMeter: Running test (1750942285080)
2025-06-26 08:51:25,101 INFO o.a.j.e.StandardJMeterEngine: Starting ThreadGroup: 1 : Spike Test Group
2025-06-26 08:51:25,102 INFO o.a.j.e.StandardJMeterEngine: Starting 100 threads for group Spike Test Group.
2025-06-26 08:51:25,102 INFO o.a.j.e.StandardJMeterEngine: Thread will continue on error
2025-06-26 08:51:25,102 INFO o.a.j.t.ThreadGroup: Starting thread group... number=1 threads=100 ramp-up=1 delayedStart=false
2025-06-26 08:51:25,183 INFO o.a.j.t.ThreadGroup: Started thread group number 1
2025-06-26 08:51:25,183 INFO o.a.j.e.StandardJMeterEngine: All thread groups have been started
2025-06-26 08:51:25,378 INFO o.a.j.t.JMeterThread: Thread started: Spike Test Group 1-1
2025-06-26 08:51:25,379 INFO o.a.j.t.JMeterThread: Thread started: Spike Test Group 1-2
2025-06-26 08:51:25,380 INFO o.a.j.s.FileServer: Stored: C:/Users/Michael/OneDrive/Documents/Python/jmeter_perf_testing/data/cover_photos.csv
2025-06-26 08:51:25,389 INFO o.a.j.t.JMeterThread: Thread started: Spike Test Group 1-3
2025-06-26 08:51:25,396 INFO o.a.j.t.JMeterThread: Thread started: Spike Test Group 1-4
2025-06-26 08:51:25,408 INFO o.a.j.t.JMeterThread: Thread started: Spike Test Group 1-5
2025-06-26 08:51:25,414 INFO o.a.j.t.JMeterThread: Thread started: Spike Test Group 1-6
2025-06-26 08:51:25,430 INFO o.a.j.t.JMeterThread: Thread started: Spike Test Group 1-7
2025-06-26 08:51:25,434 INFO o.a.j.p.h.s.HTTPHCAbstractImpl: Local host = DESKTOP-L8L9GOT
2025-06-26 08:51:25,435 INFO o.a.j.t.JMeterThread: Thread started: Spike Test Group 1-8
2025-06-26 08:51:25,442 INFO o.a.j.p.h.s.HTTPHC4Impl: HTTP request retry count = 0
2025-06-26 08:51:25,445 INFO o.a.j.t.JMeterThread: Thread started: Spike Test Group 1-9
2025-06-26 08:51:25,451 INFO o.a.j.t.JMeterThread: Thread started: Spike Test Group 1-10
2025-06-26 08:51:25,459 INFO o.a.j.t.JMeterThread: Thread started: Spike Test Group 1-11
2025-06-26 08:51:25,469 INFO o.a.j.t.JMeterThread: Thread started: Spike Test Group 1-12
2025-06-26 08:51:25,481 INFO o.a.j.t.JMeterThread: Thread started: Spike Test Group 1-13
2025-06-26 08:51:25,495 INFO o.a.j.t.JMeterThread: Thread started: Spike Test Group 1-14
2025-06-26 08:51:25,499 INFO o.a.j.t.JMeterThread: Thread started: Spike Test Group 1-15
2025-06-26 08:51:25,508 INFO o.a.j.t.JMeterThread: Thread started: Spike Test Group 1-16
2025-06-26 08:51:25,521 INFO o.a.j.t.JMeterThread: Thread started: Spike Test Group 1-17
2025-06-26 08:51:25,526 INFO o.a.j.t.JMeterThread: Thread started: Spike Test Group 1-18
2025-06-26 08:51:25,541 INFO o.a.j.t.JMeterThread: Thread started: Spike Test Group 1-19
2025-06-26 08:51:25,549 INFO o.a.j.t.JMeterThread: Thread started: Spike Test Group 1-20
2025-06-26 08:51:25,560 INFO o.a.j.t.JMeterThread: Thread started: Spike Test Group 1-21
2025-06-26 08:51:25,563 INFO o.a.j.t.JMeterThread: Thread started: Spike Test Group 1-22
2025-06-26 08:51:25,576 INFO o.a.j.t.JMeterThread: Thread started: Spike Test Group 1-23
2025-06-26 08:51:25,579 INFO o.a.j.t.JMeterThread: Thread started: Spike Test Group 1-24
2025-06-26 08:51:25,591 INFO o.a.j.t.JMeterThread: Thread started: Spike Test Group 1-25
2025-06-26 08:51:25,602 INFO o.a.j.t.JMeterThread: Thread started: Spike Test Group 1-26
2025-06-26 08:51:25,606 INFO o.a.j.t.JMeterThread: Thread started: Spike Test Group 1-27
2025-06-26 08:51:25,620 INFO o.a.j.t.JMeterThread: Thread started: Spike Test Group 1-28
2025-06-26 08:51:25,627 INFO o.a.j.t.JMeterThread: Thread started: Spike Test Group 1-29
2025-06-26 08:51:25,634 INFO o.a.j.t.JMeterThread: Thread started: Spike Test Group 1-30
2025-06-26 08:51:25,648 INFO o.a.j.t.JMeterThread: Thread started: Spike Test Group 1-31
2025-06-26 08:51:25,655 INFO o.a.j.p.h.s.h.LazyLayeredConnectionSocketFactory: Setting up HTTPS TrustAll Socket Factory
2025-06-26 08:51:25,657 INFO o.a.j.t.JMeterThread: Thread started: Spike Test Group 1-32
2025-06-26 08:51:25,660 INFO o.a.j.u.JsseSSLManager: Using default SSL protocol: TLS
2025-06-26 08:51:25,660 INFO o.a.j.u.JsseSSLManager: SSL session context: per-thread
2025-06-26 08:51:25,663 INFO o.a.j.t.JMeterThread: Thread started: Spike Test Group 1-33
2025-06-26 08:51:25,674 INFO o.a.j.t.JMeterThread: Thread started: Spike Test Group 1-34
2025-06-26 08:51:25,681 INFO o.a.j.t.JMeterThread: Thread started: Spike Test Group 1-35
2025-06-26 08:51:25,695 INFO o.a.j.t.JMeterThread: Thread started: Spike Test Group 1-36
2025-06-26 08:51:25,703 INFO o.a.j.t.JMeterThread: Thread started: Spike Test Group 1-37
2025-06-26 08:51:25,716 INFO o.a.j.t.JMeterThread: Thread started: Spike Test Group 1-38
2025-06-26 08:51:25,720 INFO o.a.j.t.JMeterThread: Thread started: Spike Test Group 1-39
2025-06-26 08:51:25,733 INFO o.a.j.t.JMeterThread: Thread started: Spike Test Group 1-40
2025-06-26 08:51:25,737 INFO o.a.j.t.JMeterThread: Thread started: Spike Test Group 1-41
2025-06-26 08:51:25,748 INFO o.a.j.t.JMeterThread: Thread started: Spike Test Group 1-42
2025-06-26 08:51:25,754 INFO o.a.j.t.JMeterThread: Thread started: Spike Test Group 1-43
2025-06-26 08:51:25,769 INFO o.a.j.t.JMeterThread: Thread started: Spike Test Group 1-44
2025-06-26 08:51:25,774 INFO o.a.j.t.JMeterThread: Thread started: Spike Test Group 1-45
2025-06-26 08:51:25,778 INFO o.a.j.u.SSLManager: JmeterKeyStore Location:  type JKS
2025-06-26 08:51:25,780 INFO o.a.j.u.SSLManager: KeyStore created OK
2025-06-26 08:51:25,780 WARN o.a.j.u.SSLManager: Keystore file not found, loading empty keystore
2025-06-26 08:51:25,786 INFO o.a.j.t.JMeterThread: Thread started: Spike Test Group 1-46
2025-06-26 08:51:25,793 INFO o.a.j.t.JMeterThread: Thread started: Spike Test Group 1-47
2025-06-26 08:51:25,803 INFO o.a.j.t.JMeterThread: Thread started: Spike Test Group 1-48
2025-06-26 08:51:25,816 INFO o.a.j.t.JMeterThread: Thread started: Spike Test Group 1-49
2025-06-26 08:51:25,825 INFO o.a.j.t.JMeterThread: Thread started: Spike Test Group 1-50
2025-06-26 08:51:25,833 INFO o.a.j.t.JMeterThread: Thread started: Spike Test Group 1-51
2025-06-26 08:51:25,839 INFO o.a.j.t.JMeterThread: Thread started: Spike Test Group 1-52
2025-06-26 08:51:25,848 INFO o.a.j.t.JMeterThread: Thread started: Spike Test Group 1-53
2025-06-26 08:51:25,857 INFO o.a.j.t.JMeterThread: Thread started: Spike Test Group 1-54
2025-06-26 08:51:25,873 INFO o.a.j.t.JMeterThread: Thread started: Spike Test Group 1-55
2025-06-26 08:51:25,876 INFO o.a.j.t.JMeterThread: Thread started: Spike Test Group 1-56
2025-06-26 08:51:25,882 INFO o.a.j.t.JMeterThread: Thread started: Spike Test Group 1-57
2025-06-26 08:51:25,893 INFO o.a.j.t.JMeterThread: Thread started: Spike Test Group 1-58
2025-06-26 08:51:25,906 INFO o.a.j.t.JMeterThread: Thread started: Spike Test Group 1-59
2025-06-26 08:51:25,911 INFO o.a.j.t.JMeterThread: Thread started: Spike Test Group 1-60
2025-06-26 08:51:25,922 INFO o.a.j.t.JMeterThread: Thread started: Spike Test Group 1-61
2025-06-26 08:51:25,933 INFO o.a.j.t.JMeterThread: Thread started: Spike Test Group 1-62
2025-06-26 08:51:25,937 INFO o.a.j.t.JMeterThread: Thread started: Spike Test Group 1-63
2025-06-26 08:51:25,945 INFO o.a.j.t.JMeterThread: Thread started: Spike Test Group 1-64
2025-06-26 08:51:25,964 INFO o.a.j.t.JMeterThread: Thread started: Spike Test Group 1-66
2025-06-26 08:51:25,964 INFO o.a.j.t.JMeterThread: Thread started: Spike Test Group 1-65
2025-06-26 08:51:25,972 INFO o.a.j.t.JMeterThread: Thread started: Spike Test Group 1-67
2025-06-26 08:51:25,986 INFO o.a.j.t.JMeterThread: Thread started: Spike Test Group 1-68
2025-06-26 08:51:25,992 INFO o.a.j.t.JMeterThread: Thread started: Spike Test Group 1-69
2025-06-26 08:51:26,002 INFO o.a.j.t.JMeterThread: Thread started: Spike Test Group 1-70
2025-06-26 08:51:26,012 INFO o.a.j.t.JMeterThread: Thread started: Spike Test Group 1-71
2025-06-26 08:51:26,020 INFO o.a.j.t.JMeterThread: Thread started: Spike Test Group 1-72
2025-06-26 08:51:26,028 INFO o.a.j.t.JMeterThread: Thread started: Spike Test Group 1-73
2025-06-26 08:51:26,037 INFO o.a.j.t.JMeterThread: Thread started: Spike Test Group 1-74
2025-06-26 08:51:26,047 INFO o.a.j.t.JMeterThread: Thread started: Spike Test Group 1-75
2025-06-26 08:51:26,061 INFO o.a.j.t.JMeterThread: Thread started: Spike Test Group 1-76
2025-06-26 08:51:26,087 INFO o.a.j.t.JMeterThread: Thread started: Spike Test Group 1-77
2025-06-26 08:51:26,087 INFO o.a.j.t.JMeterThread: Thread started: Spike Test Group 1-78
2025-06-26 08:51:26,089 INFO o.a.j.t.JMeterThread: Thread started: Spike Test Group 1-79
2025-06-26 08:51:26,096 INFO o.a.j.t.JMeterThread: Thread started: Spike Test Group 1-80
2025-06-26 08:51:26,103 INFO o.a.j.t.JMeterThread: Thread started: Spike Test Group 1-81
2025-06-26 08:51:26,114 INFO o.a.j.t.JMeterThread: Thread started: Spike Test Group 1-82
2025-06-26 08:51:26,122 INFO o.a.j.t.JMeterThread: Thread started: Spike Test Group 1-83
2025-06-26 08:51:26,133 INFO o.a.j.t.JMeterThread: Thread started: Spike Test Group 1-84
2025-06-26 08:51:26,144 INFO o.a.j.t.JMeterThread: Thread started: Spike Test Group 1-85
2025-06-26 08:51:26,156 INFO o.a.j.t.JMeterThread: Thread started: Spike Test Group 1-86
2025-06-26 08:51:26,159 INFO o.a.j.t.JMeterThread: Thread started: Spike Test Group 1-87
2025-06-26 08:51:26,171 INFO o.a.j.t.JMeterThread: Thread started: Spike Test Group 1-88
2025-06-26 08:51:26,185 INFO o.a.j.t.JMeterThread: Thread started: Spike Test Group 1-89
2025-06-26 08:51:26,188 INFO o.a.j.t.JMeterThread: Thread started: Spike Test Group 1-90
2025-06-26 08:51:26,202 INFO o.a.j.t.JMeterThread: Thread started: Spike Test Group 1-91
2025-06-26 08:51:26,283 INFO o.a.j.t.JMeterThread: Thread started: Spike Test Group 1-92
2025-06-26 08:51:26,283 INFO o.a.j.t.JMeterThread: Thread started: Spike Test Group 1-97
2025-06-26 08:51:26,284 INFO o.a.j.t.JMeterThread: Thread started: Spike Test Group 1-98
2025-06-26 08:51:26,289 INFO o.a.j.t.JMeterThread: Thread started: Spike Test Group 1-93
2025-06-26 08:51:26,295 INFO o.a.j.t.JMeterThread: Thread started: Spike Test Group 1-94
2025-06-26 08:51:26,296 INFO o.a.j.t.JMeterThread: Thread started: Spike Test Group 1-99
2025-06-26 08:51:26,297 INFO o.a.j.t.JMeterThread: Thread started: Spike Test Group 1-100
2025-06-26 08:51:26,361 INFO o.a.j.t.JMeterThread: Thread started: Spike Test Group 1-96
2025-06-26 08:51:26,357 INFO o.a.j.t.JMeterThread: Thread started: Spike Test Group 1-95
2025-06-26 08:51:27,966 INFO o.a.j.t.JMeterThread: Thread is done: Spike Test Group 1-73
2025-06-26 08:51:27,966 INFO o.a.j.t.JMeterThread: Thread finished: Spike Test Group 1-73
2025-06-26 08:51:27,980 INFO o.a.j.t.JMeterThread: Thread is done: Spike Test Group 1-25
2025-06-26 08:51:27,980 INFO o.a.j.t.JMeterThread: Thread finished: Spike Test Group 1-25
2025-06-26 08:51:27,994 INFO o.a.j.t.JMeterThread: Thread is done: Spike Test Group 1-52
2025-06-26 08:51:27,994 INFO o.a.j.t.JMeterThread: Thread finished: Spike Test Group 1-52
2025-06-26 08:51:28,002 INFO o.a.j.t.JMeterThread: Thread is done: Spike Test Group 1-49
2025-06-26 08:51:28,002 INFO o.a.j.t.JMeterThread: Thread finished: Spike Test Group 1-49
2025-06-26 08:51:28,002 INFO o.a.j.t.JMeterThread: Thread is done: Spike Test Group 1-8
2025-06-26 08:51:28,002 INFO o.a.j.t.JMeterThread: Thread finished: Spike Test Group 1-8
2025-06-26 08:51:28,008 INFO o.a.j.t.JMeterThread: Thread is done: Spike Test Group 1-29
2025-06-26 08:51:28,008 INFO o.a.j.t.JMeterThread: Thread finished: Spike Test Group 1-29
2025-06-26 08:51:28,043 INFO o.a.j.t.JMeterThread: Thread is done: Spike Test Group 1-70
2025-06-26 08:51:28,043 INFO o.a.j.t.JMeterThread: Thread finished: Spike Test Group 1-70
2025-06-26 08:51:28,043 INFO o.a.j.t.JMeterThread: Thread is done: Spike Test Group 1-13
2025-06-26 08:51:28,043 INFO o.a.j.t.JMeterThread: Thread is done: Spike Test Group 1-2
2025-06-26 08:51:28,043 INFO o.a.j.t.JMeterThread: Thread finished: Spike Test Group 1-13
2025-06-26 08:51:28,045 INFO o.a.j.t.JMeterThread: Thread finished: Spike Test Group 1-2
2025-06-26 08:51:28,050 INFO o.a.j.t.JMeterThread: Thread is done: Spike Test Group 1-30
2025-06-26 08:51:28,050 INFO o.a.j.t.JMeterThread: Thread is done: Spike Test Group 1-58
2025-06-26 08:51:28,050 INFO o.a.j.t.JMeterThread: Thread is done: Spike Test Group 1-28
2025-06-26 08:51:28,052 INFO o.a.j.t.JMeterThread: Thread finished: Spike Test Group 1-30
2025-06-26 08:51:28,052 INFO o.a.j.t.JMeterThread: Thread finished: Spike Test Group 1-28
2025-06-26 08:51:28,052 INFO o.a.j.t.JMeterThread: Thread finished: Spike Test Group 1-58
2025-06-26 08:51:28,052 INFO o.a.j.t.JMeterThread: Thread is done: Spike Test Group 1-37
2025-06-26 08:51:28,052 INFO o.a.j.t.JMeterThread: Thread is done: Spike Test Group 1-64
2025-06-26 08:51:28,052 INFO o.a.j.t.JMeterThread: Thread finished: Spike Test Group 1-37
2025-06-26 08:51:28,052 INFO o.a.j.t.JMeterThread: Thread finished: Spike Test Group 1-64
2025-06-26 08:51:28,052 INFO o.a.j.t.JMeterThread: Thread is done: Spike Test Group 1-56
2025-06-26 08:51:28,052 INFO o.a.j.t.JMeterThread: Thread finished: Spike Test Group 1-56
2025-06-26 08:51:28,064 INFO o.a.j.t.JMeterThread: Thread is done: Spike Test Group 1-22
2025-06-26 08:51:28,064 INFO o.a.j.t.JMeterThread: Thread finished: Spike Test Group 1-22
2025-06-26 08:51:28,064 INFO o.a.j.t.JMeterThread: Thread is done: Spike Test Group 1-55
2025-06-26 08:51:28,064 INFO o.a.j.t.JMeterThread: Thread finished: Spike Test Group 1-55
2025-06-26 08:51:28,071 INFO o.a.j.t.JMeterThread: Thread is done: Spike Test Group 1-16
2025-06-26 08:51:28,071 INFO o.a.j.t.JMeterThread: Thread finished: Spike Test Group 1-16
2025-06-26 08:51:28,099 INFO o.a.j.t.JMeterThread: Thread is done: Spike Test Group 1-51
2025-06-26 08:51:28,099 INFO o.a.j.t.JMeterThread: Thread is done: Spike Test Group 1-9
2025-06-26 08:51:28,102 INFO o.a.j.t.JMeterThread: Thread finished: Spike Test Group 1-51
2025-06-26 08:51:28,099 INFO o.a.j.t.JMeterThread: Thread is done: Spike Test Group 1-20
2025-06-26 08:51:28,102 INFO o.a.j.t.JMeterThread: Thread finished: Spike Test Group 1-9
2025-06-26 08:51:28,102 INFO o.a.j.t.JMeterThread: Thread finished: Spike Test Group 1-20
2025-06-26 08:51:28,106 INFO o.a.j.t.JMeterThread: Thread is done: Spike Test Group 1-80
2025-06-26 08:51:28,106 INFO o.a.j.t.JMeterThread: Thread is done: Spike Test Group 1-63
2025-06-26 08:51:28,108 INFO o.a.j.t.JMeterThread: Thread finished: Spike Test Group 1-80
2025-06-26 08:51:28,108 INFO o.a.j.t.JMeterThread: Thread finished: Spike Test Group 1-63
2025-06-26 08:51:28,108 INFO o.a.j.t.JMeterThread: Thread is done: Spike Test Group 1-31
2025-06-26 08:51:28,108 INFO o.a.j.t.JMeterThread: Thread is done: Spike Test Group 1-57
2025-06-26 08:51:28,108 INFO o.a.j.t.JMeterThread: Thread is done: Spike Test Group 1-69
2025-06-26 08:51:28,109 INFO o.a.j.t.JMeterThread: Thread finished: Spike Test Group 1-31
2025-06-26 08:51:28,108 INFO o.a.j.t.JMeterThread: Thread is done: Spike Test Group 1-7
2025-06-26 08:51:28,109 INFO o.a.j.t.JMeterThread: Thread is done: Spike Test Group 1-77
2025-06-26 08:51:28,109 INFO o.a.j.t.JMeterThread: Thread finished: Spike Test Group 1-57
2025-06-26 08:51:28,109 INFO o.a.j.t.JMeterThread: Thread finished: Spike Test Group 1-69
2025-06-26 08:51:28,109 INFO o.a.j.t.JMeterThread: Thread finished: Spike Test Group 1-77
2025-06-26 08:51:28,109 INFO o.a.j.t.JMeterThread: Thread finished: Spike Test Group 1-7
2025-06-26 08:51:28,110 INFO o.a.j.t.JMeterThread: Thread is done: Spike Test Group 1-76
2025-06-26 08:51:28,110 INFO o.a.j.t.JMeterThread: Thread is done: Spike Test Group 1-39
2025-06-26 08:51:28,110 INFO o.a.j.t.JMeterThread: Thread is done: Spike Test Group 1-79
2025-06-26 08:51:28,110 INFO o.a.j.t.JMeterThread: Thread finished: Spike Test Group 1-76
2025-06-26 08:51:28,111 INFO o.a.j.t.JMeterThread: Thread finished: Spike Test Group 1-39
2025-06-26 08:51:28,111 INFO o.a.j.t.JMeterThread: Thread finished: Spike Test Group 1-79
2025-06-26 08:51:28,112 INFO o.a.j.t.JMeterThread: Thread is done: Spike Test Group 1-45
2025-06-26 08:51:28,112 INFO o.a.j.t.JMeterThread: Thread is done: Spike Test Group 1-33
2025-06-26 08:51:28,116 INFO o.a.j.t.JMeterThread: Thread finished: Spike Test Group 1-45
2025-06-26 08:51:28,116 INFO o.a.j.t.JMeterThread: Thread finished: Spike Test Group 1-33
2025-06-26 08:51:28,119 INFO o.a.j.t.JMeterThread: Thread is done: Spike Test Group 1-10
2025-06-26 08:51:28,119 INFO o.a.j.t.JMeterThread: Thread is done: Spike Test Group 1-14
2025-06-26 08:51:28,121 INFO o.a.j.t.JMeterThread: Thread finished: Spike Test Group 1-14
2025-06-26 08:51:28,121 INFO o.a.j.t.JMeterThread: Thread finished: Spike Test Group 1-10
2025-06-26 08:51:28,121 INFO o.a.j.t.JMeterThread: Thread is done: Spike Test Group 1-44
2025-06-26 08:51:28,121 INFO o.a.j.t.JMeterThread: Thread finished: Spike Test Group 1-44
2025-06-26 08:51:28,126 INFO o.a.j.t.JMeterThread: Thread is done: Spike Test Group 1-86
2025-06-26 08:51:28,126 INFO o.a.j.t.JMeterThread: Thread finished: Spike Test Group 1-86
2025-06-26 08:51:28,185 INFO o.a.j.t.JMeterThread: Thread is done: Spike Test Group 1-43
2025-06-26 08:51:28,185 INFO o.a.j.t.JMeterThread: Thread is done: Spike Test Group 1-4
2025-06-26 08:51:28,185 INFO o.a.j.t.JMeterThread: Thread is done: Spike Test Group 1-15
2025-06-26 08:51:28,185 INFO o.a.j.t.JMeterThread: Thread finished: Spike Test Group 1-4
2025-06-26 08:51:28,185 INFO o.a.j.t.JMeterThread: Thread is done: Spike Test Group 1-40
2025-06-26 08:51:28,185 INFO o.a.j.t.JMeterThread: Thread finished: Spike Test Group 1-43
2025-06-26 08:51:28,185 INFO o.a.j.t.JMeterThread: Thread is done: Spike Test Group 1-21
2025-06-26 08:51:28,185 INFO o.a.j.t.JMeterThread: Thread finished: Spike Test Group 1-15
2025-06-26 08:51:28,185 INFO o.a.j.t.JMeterThread: Thread finished: Spike Test Group 1-21
2025-06-26 08:51:28,185 INFO o.a.j.t.JMeterThread: Thread finished: Spike Test Group 1-40
2025-06-26 08:51:28,185 INFO o.a.j.t.JMeterThread: Thread is done: Spike Test Group 1-1
2025-06-26 08:51:28,185 INFO o.a.j.t.JMeterThread: Thread is done: Spike Test Group 1-85
2025-06-26 08:51:28,191 INFO o.a.j.t.JMeterThread: Thread finished: Spike Test Group 1-1
2025-06-26 08:51:28,191 INFO o.a.j.t.JMeterThread: Thread finished: Spike Test Group 1-85
2025-06-26 08:51:28,206 INFO o.a.j.t.JMeterThread: Thread is done: Spike Test Group 1-26
2025-06-26 08:51:28,206 INFO o.a.j.t.JMeterThread: Thread finished: Spike Test Group 1-26
2025-06-26 08:51:28,206 INFO o.a.j.t.JMeterThread: Thread is done: Spike Test Group 1-3
2025-06-26 08:51:28,206 INFO o.a.j.t.JMeterThread: Thread finished: Spike Test Group 1-3
2025-06-26 08:51:28,250 INFO o.a.j.t.JMeterThread: Thread is done: Spike Test Group 1-34
2025-06-26 08:51:28,250 INFO o.a.j.t.JMeterThread: Thread is done: Spike Test Group 1-74
2025-06-26 08:51:28,250 INFO o.a.j.t.JMeterThread: Thread finished: Spike Test Group 1-34
2025-06-26 08:51:28,259 INFO o.a.j.t.JMeterThread: Thread finished: Spike Test Group 1-74
2025-06-26 08:51:28,259 INFO o.a.j.t.JMeterThread: Thread is done: Spike Test Group 1-11
2025-06-26 08:51:28,259 INFO o.a.j.t.JMeterThread: Thread is done: Spike Test Group 1-12
2025-06-26 08:51:28,260 INFO o.a.j.t.JMeterThread: Thread finished: Spike Test Group 1-11
2025-06-26 08:51:28,260 INFO o.a.j.t.JMeterThread: Thread is done: Spike Test Group 1-81
2025-06-26 08:51:28,260 INFO o.a.j.t.JMeterThread: Thread finished: Spike Test Group 1-12
2025-06-26 08:51:28,260 INFO o.a.j.t.JMeterThread: Thread finished: Spike Test Group 1-81
2025-06-26 08:51:28,260 INFO o.a.j.t.JMeterThread: Thread is done: Spike Test Group 1-41
2025-06-26 08:51:28,260 INFO o.a.j.t.JMeterThread: Thread finished: Spike Test Group 1-41
2025-06-26 08:51:28,266 INFO o.a.j.t.JMeterThread: Thread is done: Spike Test Group 1-88
2025-06-26 08:51:28,266 INFO o.a.j.t.JMeterThread: Thread is done: Spike Test Group 1-78
2025-06-26 08:51:28,267 INFO o.a.j.t.JMeterThread: Thread finished: Spike Test Group 1-78
2025-06-26 08:51:28,266 INFO o.a.j.t.JMeterThread: Thread finished: Spike Test Group 1-88
2025-06-26 08:51:28,308 INFO o.a.j.t.JMeterThread: Thread is done: Spike Test Group 1-24
2025-06-26 08:51:28,308 INFO o.a.j.t.JMeterThread: Thread is done: Spike Test Group 1-54
2025-06-26 08:51:28,308 INFO o.a.j.t.JMeterThread: Thread is done: Spike Test Group 1-38
2025-06-26 08:51:28,308 INFO o.a.j.t.JMeterThread: Thread finished: Spike Test Group 1-24
2025-06-26 08:51:28,308 INFO o.a.j.t.JMeterThread: Thread is done: Spike Test Group 1-23
2025-06-26 08:51:28,308 INFO o.a.j.t.JMeterThread: Thread finished: Spike Test Group 1-54
2025-06-26 08:51:28,308 INFO o.a.j.t.JMeterThread: Thread finished: Spike Test Group 1-23
2025-06-26 08:51:28,308 INFO o.a.j.t.JMeterThread: Thread is done: Spike Test Group 1-98
2025-06-26 08:51:28,308 INFO o.a.j.t.JMeterThread: Thread finished: Spike Test Group 1-38
2025-06-26 08:51:28,308 INFO o.a.j.t.JMeterThread: Thread finished: Spike Test Group 1-98
2025-06-26 08:51:28,309 INFO o.a.j.t.JMeterThread: Thread is done: Spike Test Group 1-67
2025-06-26 08:51:28,309 INFO o.a.j.t.JMeterThread: Thread finished: Spike Test Group 1-67
2025-06-26 08:51:28,309 INFO o.a.j.t.JMeterThread: Thread is done: Spike Test Group 1-82
2025-06-26 08:51:28,309 INFO o.a.j.t.JMeterThread: Thread finished: Spike Test Group 1-82
2025-06-26 08:51:28,309 INFO o.a.j.t.JMeterThread: Thread is done: Spike Test Group 1-83
2025-06-26 08:51:28,309 INFO o.a.j.t.JMeterThread: Thread is done: Spike Test Group 1-84
2025-06-26 08:51:28,310 INFO o.a.j.t.JMeterThread: Thread finished: Spike Test Group 1-83
2025-06-26 08:51:28,310 INFO o.a.j.t.JMeterThread: Thread finished: Spike Test Group 1-84
2025-06-26 08:51:28,310 INFO o.a.j.t.JMeterThread: Thread is done: Spike Test Group 1-75
2025-06-26 08:51:28,310 INFO o.a.j.t.JMeterThread: Thread finished: Spike Test Group 1-75
2025-06-26 08:51:28,310 INFO o.a.j.t.JMeterThread: Thread is done: Spike Test Group 1-47
2025-06-26 08:51:28,310 INFO o.a.j.t.JMeterThread: Thread is done: Spike Test Group 1-87
2025-06-26 08:51:28,314 INFO o.a.j.t.JMeterThread: Thread finished: Spike Test Group 1-47
2025-06-26 08:51:28,314 INFO o.a.j.t.JMeterThread: Thread finished: Spike Test Group 1-87
2025-06-26 08:51:28,314 INFO o.a.j.t.JMeterThread: Thread is done: Spike Test Group 1-65
2025-06-26 08:51:28,314 INFO o.a.j.t.JMeterThread: Thread is done: Spike Test Group 1-36
2025-06-26 08:51:28,317 INFO o.a.j.t.JMeterThread: Thread finished: Spike Test Group 1-65
2025-06-26 08:51:28,317 INFO o.a.j.t.JMeterThread: Thread finished: Spike Test Group 1-36
2025-06-26 08:51:28,317 INFO o.a.j.t.JMeterThread: Thread is done: Spike Test Group 1-68
2025-06-26 08:51:28,317 INFO o.a.j.t.JMeterThread: Thread is done: Spike Test Group 1-27
2025-06-26 08:51:28,317 INFO o.a.j.t.JMeterThread: Thread finished: Spike Test Group 1-68
2025-06-26 08:51:28,317 INFO o.a.j.t.JMeterThread: Thread is done: Spike Test Group 1-62
2025-06-26 08:51:28,317 INFO o.a.j.t.JMeterThread: Thread finished: Spike Test Group 1-27
2025-06-26 08:51:28,317 INFO o.a.j.t.JMeterThread: Thread finished: Spike Test Group 1-62
2025-06-26 08:51:28,317 INFO o.a.j.t.JMeterThread: Thread is done: Spike Test Group 1-48
2025-06-26 08:51:28,317 INFO o.a.j.t.JMeterThread: Thread finished: Spike Test Group 1-48
2025-06-26 08:51:28,358 INFO o.a.j.t.JMeterThread: Thread is done: Spike Test Group 1-42
2025-06-26 08:51:28,358 INFO o.a.j.t.JMeterThread: Thread is done: Spike Test Group 1-97
2025-06-26 08:51:28,358 INFO o.a.j.t.JMeterThread: Thread is done: Spike Test Group 1-71
2025-06-26 08:51:28,358 INFO o.a.j.t.JMeterThread: Thread is done: Spike Test Group 1-60
2025-06-26 08:51:28,369 INFO o.a.j.t.JMeterThread: Thread finished: Spike Test Group 1-42
2025-06-26 08:51:28,358 INFO o.a.j.t.JMeterThread: Thread is done: Spike Test Group 1-92
2025-06-26 08:51:28,369 INFO o.a.j.t.JMeterThread: Thread finished: Spike Test Group 1-60
2025-06-26 08:51:28,369 INFO o.a.j.t.JMeterThread: Thread finished: Spike Test Group 1-92
2025-06-26 08:51:28,369 INFO o.a.j.t.JMeterThread: Thread finished: Spike Test Group 1-97
2025-06-26 08:51:28,369 INFO o.a.j.t.JMeterThread: Thread finished: Spike Test Group 1-71
2025-06-26 08:51:28,369 INFO o.a.j.t.JMeterThread: Thread is done: Spike Test Group 1-94
2025-06-26 08:51:28,369 INFO o.a.j.t.JMeterThread: Thread is done: Spike Test Group 1-46
2025-06-26 08:51:28,371 INFO o.a.j.t.JMeterThread: Thread finished: Spike Test Group 1-94
2025-06-26 08:51:28,369 INFO o.a.j.t.JMeterThread: Thread is done: Spike Test Group 1-19
2025-06-26 08:51:28,371 INFO o.a.j.t.JMeterThread: Thread finished: Spike Test Group 1-46
2025-06-26 08:51:28,371 INFO o.a.j.t.JMeterThread: Thread finished: Spike Test Group 1-19
2025-06-26 08:51:28,371 INFO o.a.j.t.JMeterThread: Thread is done: Spike Test Group 1-72
2025-06-26 08:51:28,371 INFO o.a.j.t.JMeterThread: Thread is done: Spike Test Group 1-53
2025-06-26 08:51:28,375 INFO o.a.j.t.JMeterThread: Thread finished: Spike Test Group 1-72
2025-06-26 08:51:28,375 INFO o.a.j.t.JMeterThread: Thread finished: Spike Test Group 1-53
2025-06-26 08:51:28,376 INFO o.a.j.t.JMeterThread: Thread is done: Spike Test Group 1-90
2025-06-26 08:51:28,376 INFO o.a.j.t.JMeterThread: Thread is done: Spike Test Group 1-59
2025-06-26 08:51:28,376 INFO o.a.j.t.JMeterThread: Thread is done: Spike Test Group 1-89
2025-06-26 08:51:28,380 INFO o.a.j.t.JMeterThread: Thread finished: Spike Test Group 1-90
2025-06-26 08:51:28,380 INFO o.a.j.t.JMeterThread: Thread finished: Spike Test Group 1-59
2025-06-26 08:51:28,380 INFO o.a.j.t.JMeterThread: Thread finished: Spike Test Group 1-89
2025-06-26 08:51:28,376 INFO o.a.j.t.JMeterThread: Thread is done: Spike Test Group 1-93
2025-06-26 08:51:28,380 INFO o.a.j.t.JMeterThread: Thread finished: Spike Test Group 1-93
2025-06-26 08:51:28,415 INFO o.a.j.t.JMeterThread: Thread is done: Spike Test Group 1-6
2025-06-26 08:51:28,415 INFO o.a.j.t.JMeterThread: Thread is done: Spike Test Group 1-32
2025-06-26 08:51:28,415 INFO o.a.j.t.JMeterThread: Thread is done: Spike Test Group 1-5
2025-06-26 08:51:28,415 INFO o.a.j.t.JMeterThread: Thread finished: Spike Test Group 1-6
2025-06-26 08:51:28,415 INFO o.a.j.t.JMeterThread: Thread finished: Spike Test Group 1-5
2025-06-26 08:51:28,415 INFO o.a.j.t.JMeterThread: Thread finished: Spike Test Group 1-32
2025-06-26 08:51:28,416 INFO o.a.j.t.JMeterThread: Thread is done: Spike Test Group 1-35
2025-06-26 08:51:28,416 INFO o.a.j.t.JMeterThread: Thread finished: Spike Test Group 1-35
2025-06-26 08:51:28,416 INFO o.a.j.t.JMeterThread: Thread is done: Spike Test Group 1-91
2025-06-26 08:51:28,416 INFO o.a.j.t.JMeterThread: Thread is done: Spike Test Group 1-100
2025-06-26 08:51:28,416 INFO o.a.j.t.JMeterThread: Thread finished: Spike Test Group 1-91
2025-06-26 08:51:28,416 INFO o.a.j.t.JMeterThread: Thread finished: Spike Test Group 1-100
2025-06-26 08:51:28,424 INFO o.a.j.t.JMeterThread: Thread is done: Spike Test Group 1-61
2025-06-26 08:51:28,424 INFO o.a.j.t.JMeterThread: Thread is done: Spike Test Group 1-95
2025-06-26 08:51:28,424 INFO o.a.j.t.JMeterThread: Thread is done: Spike Test Group 1-96
2025-06-26 08:51:28,424 INFO o.a.j.t.JMeterThread: Thread finished: Spike Test Group 1-96
2025-06-26 08:51:28,424 INFO o.a.j.t.JMeterThread: Thread finished: Spike Test Group 1-61
2025-06-26 08:51:28,424 INFO o.a.j.t.JMeterThread: Thread finished: Spike Test Group 1-95
2025-06-26 08:51:28,428 INFO o.a.j.t.JMeterThread: Thread is done: Spike Test Group 1-99
2025-06-26 08:51:28,428 INFO o.a.j.t.JMeterThread: Thread is done: Spike Test Group 1-17
2025-06-26 08:51:28,428 INFO o.a.j.t.JMeterThread: Thread finished: Spike Test Group 1-99
2025-06-26 08:51:28,429 INFO o.a.j.t.JMeterThread: Thread finished: Spike Test Group 1-17
2025-06-26 08:51:28,429 INFO o.a.j.t.JMeterThread: Thread is done: Spike Test Group 1-18
2025-06-26 08:51:28,429 INFO o.a.j.t.JMeterThread: Thread finished: Spike Test Group 1-18
2025-06-26 08:51:28,434 INFO o.a.j.t.JMeterThread: Thread is done: Spike Test Group 1-66
2025-06-26 08:51:28,434 INFO o.a.j.t.JMeterThread: Thread finished: Spike Test Group 1-66
2025-06-26 08:51:28,443 INFO o.a.j.t.JMeterThread: Thread is done: Spike Test Group 1-50
2025-06-26 08:51:28,443 INFO o.a.j.t.JMeterThread: Thread finished: Spike Test Group 1-50
2025-06-26 08:51:28,443 INFO o.a.j.e.StandardJMeterEngine: Notifying test listeners of end of test
2025-06-26 08:51:28,443 INFO o.a.j.s.FileServer: Close: C:/Users/Michael/OneDrive/Documents/Python/jmeter_perf_testing/data/cover_photos.csv
2025-06-26 08:51:28,445 INFO o.a.j.v.b.BackendListener: Worker ended
2025-06-26 08:51:28,446 INFO o.a.j.v.b.i.InfluxdbBackendListenerClient: Sending last metrics to InfluxDB
2025-06-26 08:51:28,450 INFO o.a.j.v.b.i.HttpMetricsSender: Destroying 
2025-06-26 08:51:28,461 INFO o.a.j.r.Summariser: summary =    500 in 00:00:03 =  148.0/s Avg:   476 Min:   315 Max:  1268 Err:     0 (0.00%)
2025-06-26 08:51:28,462 INFO o.a.j.JMeter: Generating Dashboard
2025-06-26 08:51:28,462 INFO o.a.j.r.d.ReportGenerator: Flushing result collector before report Generation
2025-06-26 08:51:28,491 INFO o.a.j.r.p.NormalizerSampleConsumer: Using format, 'ms', to parse timeStamp field
2025-06-26 08:51:28,779 INFO o.a.j.r.p.AbstractSampleConsumer: class org.apache.jmeter.report.processor.AggregateConsumer#stopProducing(): beginDate produced 0 samples
2025-06-26 08:51:28,780 INFO o.a.j.r.p.AbstractSampleConsumer: class org.apache.jmeter.report.processor.AggregateConsumer#stopProducing(): endDate produced 0 samples
2025-06-26 08:51:28,783 INFO o.a.j.r.p.AbstractSampleConsumer: class org.apache.jmeter.report.processor.ApdexSummaryConsumer#stopProducing(): apdexSummary produced 0 samples
2025-06-26 08:51:28,783 INFO o.a.j.r.p.AbstractSampleConsumer: class org.apache.jmeter.report.processor.RequestsSummaryConsumer#stopProducing(): requestsSummary produced 0 samples
2025-06-26 08:51:28,785 INFO o.a.j.r.p.AbstractSampleConsumer: class org.apache.jmeter.report.processor.StatisticsSummaryConsumer#stopProducing(): statisticsSummary produced 0 samples
2025-06-26 08:51:28,786 INFO o.a.j.r.p.AbstractSampleConsumer: class org.apache.jmeter.report.processor.Top5ErrorsBySamplerConsumer#stopProducing(): top5ErrorsBySampler produced 0 samples
2025-06-26 08:51:28,786 INFO o.a.j.r.p.AbstractSampleConsumer: class org.apache.jmeter.report.processor.ErrorsSummaryConsumer#stopProducing(): errorsSummary produced 0 samples
2025-06-26 08:51:28,786 INFO o.a.j.r.p.AbstractSampleConsumer: class org.apache.jmeter.report.processor.graph.impl.HitsPerSecondGraphConsumer#stopProducing(): hitsPerSecond produced 0 samples
2025-06-26 08:51:28,836 INFO o.a.j.r.p.AbstractSampleConsumer: class org.apache.jmeter.report.processor.graph.impl.LatencyVSRequestGraphConsumer#stopProducing(): latencyVsRequest produced 0 samples
2025-06-26 08:51:28,836 INFO o.a.j.r.p.AbstractSampleConsumer: class org.apache.jmeter.report.processor.graph.impl.SyntheticResponseTimeDistributionGraphConsumer#stopProducing(): syntheticResponseTimeDistribution produced 0 samples
2025-06-26 08:51:28,836 INFO o.a.j.r.p.AbstractSampleConsumer: class org.apache.jmeter.report.processor.graph.impl.BytesThroughputGraphConsumer#stopProducing(): bytesThroughputOverTime produced 0 samples
2025-06-26 08:51:28,836 INFO o.a.j.r.p.AbstractSampleConsumer: class org.apache.jmeter.report.processor.graph.impl.CodesPerSecondGraphConsumer#stopProducing(): codesPerSecond produced 0 samples
2025-06-26 08:51:28,849 INFO o.a.j.r.p.AbstractSampleConsumer: class org.apache.jmeter.report.processor.graph.impl.ResponseTimeVSRequestGraphConsumer#stopProducing(): responseTimeVsRequest produced 0 samples
2025-06-26 08:51:28,849 INFO o.a.j.r.p.AbstractSampleConsumer: class org.apache.jmeter.report.processor.FilterConsumer#stopProducing(): startIntervalControlerFilter produced 3500 samples
2025-06-26 08:51:28,849 INFO o.a.j.r.p.AbstractSampleConsumer: class org.apache.jmeter.report.processor.graph.impl.TotalTPSGraphConsumer#stopProducing(): totalTPS produced 0 samples
2025-06-26 08:51:28,849 INFO o.a.j.r.p.AbstractSampleConsumer: class org.apache.jmeter.report.processor.graph.impl.ActiveThreadsGraphConsumer#stopProducing(): activeThreadsOverTime produced 0 samples
2025-06-26 08:51:28,849 INFO o.a.j.r.p.AbstractSampleConsumer: class org.apache.jmeter.report.processor.graph.impl.TimeVSThreadGraphConsumer#stopProducing(): timeVsThreads produced 0 samples
2025-06-26 08:51:28,849 INFO o.a.j.r.p.AbstractSampleConsumer: class org.apache.jmeter.report.processor.graph.impl.ResponseTimeDistributionGraphConsumer#stopProducing(): responseTimeDistribution produced 0 samples
2025-06-26 08:51:28,849 INFO o.a.j.r.p.AbstractSampleConsumer: class org.apache.jmeter.report.processor.graph.impl.TransactionsPerSecondGraphConsumer#stopProducing(): transactionsPerSecond produced 0 samples
2025-06-26 08:51:28,849 INFO o.a.j.r.p.AbstractSampleConsumer: class org.apache.jmeter.report.processor.graph.impl.ResponseTimePercentilesGraphConsumer#stopProducing(): responseTimePercentiles produced 0 samples
2025-06-26 08:51:28,849 INFO o.a.j.r.p.AbstractSampleConsumer: class org.apache.jmeter.report.processor.graph.impl.ResponseTimePercentilesOverTimeGraphConsumer#stopProducing(): responseTimePercentilesOverTime produced 0 samples
2025-06-26 08:51:28,849 INFO o.a.j.r.p.AbstractSampleConsumer: class org.apache.jmeter.report.processor.graph.impl.ResponseTimeOverTimeGraphConsumer#stopProducing(): responseTimesOverTime produced 0 samples
2025-06-26 08:51:28,849 INFO o.a.j.r.p.AbstractSampleConsumer: class org.apache.jmeter.report.processor.graph.impl.ConnectTimeOverTimeGraphConsumer#stopProducing(): connectTimeOverTime produced 0 samples
2025-06-26 08:51:28,849 INFO o.a.j.r.p.AbstractSampleConsumer: class org.apache.jmeter.report.processor.graph.impl.LatencyOverTimeGraphConsumer#stopProducing(): latenciesOverTime produced 0 samples
2025-06-26 08:51:28,849 INFO o.a.j.r.p.AbstractSampleConsumer: class org.apache.jmeter.report.processor.FilterConsumer#stopProducing(): nameFilter produced 7500 samples
2025-06-26 08:51:28,849 INFO o.a.j.r.p.AbstractSampleConsumer: class org.apache.jmeter.report.processor.FilterConsumer#stopProducing(): dateRangeFilter produced 1500 samples
2025-06-26 08:51:28,849 INFO o.a.j.r.p.AbstractSampleConsumer: class org.apache.jmeter.report.processor.NormalizerSampleConsumer#stopProducing(): normalizer produced 500 samples
2025-06-26 08:51:28,849 INFO o.a.j.r.p.CsvFileSampleSource: produce(): 500 samples produced in 287ms on channel 0
2025-06-26 08:51:28,849 INFO o.a.j.r.d.ReportGenerator: Exporting data using exporter:'json' of className:'org.apache.jmeter.report.dashboard.JsonExporter'
2025-06-26 08:51:29,022 INFO o.a.j.r.d.JsonExporter: Found data for consumer statisticsSummary in context
2025-06-26 08:51:29,022 INFO o.a.j.r.d.JsonExporter: Creating statistics for overall
2025-06-26 08:51:29,022 INFO o.a.j.r.d.JsonExporter: Creating statistics for other transactions
2025-06-26 08:51:29,022 INFO o.a.j.r.d.JsonExporter: Checking output folder
2025-06-26 08:51:29,029 INFO o.a.j.r.d.JsonExporter: Writing statistics JSON to C:\Users\Michael\OneDrive\Documents\Python\jmeter_perf_testing\reports\spike\run_20250626_085121\statistics.json
2025-06-26 08:51:29,085 INFO o.a.j.r.d.ReportGenerator: Exporting data using exporter:'html' of className:'org.apache.jmeter.report.dashboard.HtmlTemplateExporter'
2025-06-26 08:51:29,092 INFO o.a.j.r.d.HtmlTemplateExporter: Will generate dashboard in folder: C:\Users\Michael\OneDrive\Documents\Python\jmeter_perf_testing\reports\spike\run_20250626_085121
2025-06-26 08:51:29,286 INFO o.a.j.r.d.HtmlTemplateExporter: Report will be generated in: C:\Users\Michael\OneDrive\Documents\Python\jmeter_perf_testing\reports\spike\run_20250626_085121, creating folder structure
2025-06-26 08:51:29,286 INFO o.a.j.r.d.TemplateVisitor: Copying folder from 'C:\Users\Michael\Downloads\apache-jmeter-5.6.3\apache-jmeter-5.6.3\bin\report-template' to 'C:\Users\Michael\OneDrive\Documents\Python\jmeter_perf_testing\reports\spike\run_20250626_085121', got message: C:\Users\Michael\OneDrive\Documents\Python\jmeter_perf_testing\reports\spike\run_20250626_085121, found non empty folder with following content [C:\Users\Michael\OneDrive\Documents\Python\jmeter_perf_testing\reports\spike\run_20250626_085121\results.jtl, C:\Users\Michael\OneDrive\Documents\Python\jmeter_perf_testing\reports\spike\run_20250626_085121\statistics.json], will be ignored
2025-06-26 08:51:29,746 INFO o.a.j.JMeter: Dashboard generated
